// Jest Snapshot v1, https://goo.gl/fbAQLP

exports[`ListItem should render 1`] = `
<DocumentFragment>
  <li
    class="listItem"
  />
</DocumentFragment>
`;
