// Jest Snapshot v1, https://goo.gl/fbAQLP

exports[`Footer should render 1`] = `
<DocumentFragment>
  <footer
    class="footer"
  />
</DocumentFragment>
`;
